---
http_interactions:
- request:
    method: get
    uri: https://cdo-v3-sources.s3.amazonaws.com/?encoding-type=url&prefix=sources_test/1/1/
    body:
      encoding: UTF-8
      string: ''
    headers:
      Content-Length:
      - '0'
  response:
    status:
      code: 200
      message: OK
    headers:
      Date:
      - Thu, 12 Apr 2018 22:19:20 GMT
      X-Amz-Bucket-Region:
      - us-east-1
      Content-Type:
      - application/xml
      Transfer-Encoding:
      - chunked
      Server:
      - AmazonS3
    body:
      encoding: UTF-8
      string: |-
        <?xml version="1.0" encoding="UTF-8"?>
        <ListBucketResult xmlns="http://s3.amazonaws.com/doc/2006-03-01/"><Name>cdo-v3-sources</Name><Prefix>sources_test/1/1/</Prefix><Marker></Marker><MaxKeys>1000</MaxKeys><EncodingType>url</EncodingType><IsTruncated>false</IsTruncated></ListBucketResult>
    http_version: 
  recorded_at: Thu, 12 Apr 2018 22:19:18 GMT
- request:
    method: put
    uri: https://cdo-v3-sources.s3.amazonaws.com/sources_test/1/1/main.json
    body:
      encoding: ASCII-8BIT
      string: '{"source":"Remix Library","animations":{"orderedKeys":["animation-keyac0a7f8c2faac49775a6"],"propsByKey":{"animation-keyac0a7f8c2faac49775a6":{"name":"bear_1","sourceUrl":"https://studio.code.org/api/test/url/category_animals/bear.png","version":"1234"}}}}'
    headers:
      X-Amz-Meta-Abuse-Score:
      - '0'
      Expect:
      - 100-continue
      Content-Md5:
      - aEEAlyNnbZClKZORQGZXEw==
      Content-Length:
      - '256'
  response:
    status:
      code: 200
      message: OK
    headers:
      Date:
      - Thu, 12 Apr 2018 22:19:20 GMT
      X-Amz-Version-Id:
      - sN5YEqz92tv9LkngSFNj4qnloalE_f9c
      Etag:
      - '"6841009723676d90a529939140665713"'
      Content-Length:
      - '0'
      Server:
      - AmazonS3
    body:
      encoding: UTF-8
      string: ''
    http_version: 
  recorded_at: Thu, 12 Apr 2018 22:19:18 GMT
- request:
    method: get
    uri: https://cdo-v3-animations.s3.amazonaws.com/?encoding-type=url&prefix=animations_test/1/1/
    body:
      encoding: UTF-8
      string: ''
    headers:
      Content-Length:
      - '0'
  response:
    status:
      code: 200
      message: OK
    headers:
      Date:
      - Thu, 12 Apr 2018 22:19:20 GMT
      X-Amz-Bucket-Region:
      - us-east-1
      Content-Type:
      - application/xml
      Transfer-Encoding:
      - chunked
      Server:
      - AmazonS3
    body:
      encoding: UTF-8
      string: |-
        <?xml version="1.0" encoding="UTF-8"?>
        <ListBucketResult xmlns="http://s3.amazonaws.com/doc/2006-03-01/"><Name>cdo-v3-animations</Name><Prefix>animations_test/1/1/</Prefix><Marker></Marker><MaxKeys>1000</MaxKeys><EncodingType>url</EncodingType><IsTruncated>false</IsTruncated></ListBucketResult>
    http_version: 
  recorded_at: Thu, 12 Apr 2018 22:19:19 GMT
- request:
    method: get
    uri: https://cdo-v3-sources.s3.amazonaws.com/?encoding-type=url&prefix=sources_test/1/1/
    body:
      encoding: UTF-8
      string: ''
    headers:
      Content-Length:
      - '0'
  response:
    status:
      code: 200
      message: OK
    headers:
      Date:
      - Thu, 12 Apr 2018 22:19:21 GMT
      X-Amz-Bucket-Region:
      - us-east-1
      Content-Type:
      - application/xml
      Transfer-Encoding:
      - chunked
      Server:
      - AmazonS3
    body:
      encoding: UTF-8
      string: |-
        <?xml version="1.0" encoding="UTF-8"?>
        <ListBucketResult xmlns="http://s3.amazonaws.com/doc/2006-03-01/"><Name>cdo-v3-sources</Name><Prefix>sources_test/1/1/</Prefix><Marker></Marker><MaxKeys>1000</MaxKeys><EncodingType>url</EncodingType><IsTruncated>false</IsTruncated><Contents><Key>sources_test/1/1/main.json</Key><LastModified>2018-04-12T22:19:20.000Z</LastModified><ETag>&quot;6841009723676d90a529939140665713&quot;</ETag><Size>256</Size><Owner><ID>cf6bd5437eaccbf2d79d5d40694e94c727ef59eb29caa52acbc32daffeb8e9e4</ID><DisplayName>site</DisplayName></Owner><StorageClass>STANDARD</StorageClass></Contents></ListBucketResult>
    http_version: 
  recorded_at: Thu, 12 Apr 2018 22:19:19 GMT
- request:
    method: get
    uri: https://cdo-v3-sources.s3.amazonaws.com/sources_test/1/1/main.json
    body:
      encoding: UTF-8
      string: ''
    headers:
      Content-Length:
      - '0'
  response:
    status:
      code: 200
      message: OK
    headers:
      Date:
      - Thu, 12 Apr 2018 22:19:21 GMT
      Last-Modified:
      - Thu, 12 Apr 2018 22:19:20 GMT
      Etag:
      - '"6841009723676d90a529939140665713"'
      X-Amz-Meta-Abuse-Score:
      - '0'
      X-Amz-Version-Id:
      - sN5YEqz92tv9LkngSFNj4qnloalE_f9c
      Accept-Ranges:
      - bytes
      Content-Type:
      - ''
      Content-Length:
      - '256'
      Server:
      - AmazonS3
    body:
      encoding: UTF-8
      string: '{"source":"Remix Library","animations":{"orderedKeys":["animation-keyac0a7f8c2faac49775a6"],"propsByKey":{"animation-keyac0a7f8c2faac49775a6":{"name":"bear_1","sourceUrl":"https://studio.code.org/api/test/url/category_animals/bear.png","version":"1234"}}}}'
    http_version: 
  recorded_at: Thu, 12 Apr 2018 22:19:20 GMT
- request:
    method: put
    uri: https://cdo-v3-sources.s3.amazonaws.com/sources_test/1/2/main.json
    body:
      encoding: UTF-8
      string: '{"source":"Remix Library","animations":{"orderedKeys":["animation-keyac0a7f8c2faac49775a6"],"propsByKey":{"animation-keyac0a7f8c2faac49775a6":{"name":"bear_1","sourceUrl":"https://studio.code.org/api/test/url/category_animals/bear.png","version":"1234"}}}}'
    headers:
      Expect:
      - 100-continue
      Content-Md5:
      - aEEAlyNnbZClKZORQGZXEw==
      Content-Length:
      - '256'
  response:
    status:
      code: 200
      message: OK
    headers:
      Date:
      - Thu, 12 Apr 2018 22:19:22 GMT
      X-Amz-Version-Id:
      - 4YOCrk7yTBWIx6ci0402Oc7o2L7EFHlM
      Etag:
      - '"6841009723676d90a529939140665713"'
      Content-Length:
      - '0'
      Server:
      - AmazonS3
    body:
      encoding: UTF-8
      string: ''
    http_version: 
  recorded_at: Thu, 12 Apr 2018 22:19:20 GMT
- request:
    method: get
    uri: https://cdo-v3-sources.s3.amazonaws.com/sources_test/1/2/main.json
    body:
      encoding: UTF-8
      string: ''
    headers:
      Content-Length:
      - '0'
  response:
    status:
      code: 200
      message: OK
    headers:
      Date:
      - Thu, 12 Apr 2018 22:19:22 GMT
      Last-Modified:
      - Thu, 12 Apr 2018 22:19:22 GMT
      Etag:
      - '"6841009723676d90a529939140665713"'
      X-Amz-Version-Id:
      - 4YOCrk7yTBWIx6ci0402Oc7o2L7EFHlM
      Accept-Ranges:
      - bytes
      Content-Type:
      - ''
      Content-Length:
      - '256'
      Server:
      - AmazonS3
    body:
      encoding: UTF-8
      string: '{"source":"Remix Library","animations":{"orderedKeys":["animation-keyac0a7f8c2faac49775a6"],"propsByKey":{"animation-keyac0a7f8c2faac49775a6":{"name":"bear_1","sourceUrl":"https://studio.code.org/api/test/url/category_animals/bear.png","version":"1234"}}}}'
    http_version: 
  recorded_at: Thu, 12 Apr 2018 22:19:21 GMT
- request:
    method: get
    uri: https://cdo-v3-sources.s3.amazonaws.com/?encoding-type=url&prefix=sources_test/1/1/main.json&versions
    body:
      encoding: UTF-8
      string: ''
    headers:
      Content-Length:
      - '0'
  response:
    status:
      code: 200
      message: OK
    headers:
      Date:
      - Thu, 12 Apr 2018 22:19:22 GMT
      Content-Type:
      - application/xml
      Transfer-Encoding:
      - chunked
      Server:
      - AmazonS3
    body:
      encoding: UTF-8
      string: |-
        <?xml version="1.0" encoding="UTF-8"?>
        <ListVersionsResult xmlns="http://s3.amazonaws.com/doc/2006-03-01/"><Name>cdo-v3-sources</Name><Prefix>sources_test/1/1/main.json</Prefix><KeyMarker></KeyMarker><VersionIdMarker></VersionIdMarker><MaxKeys>1000</MaxKeys><EncodingType>url</EncodingType><IsTruncated>false</IsTruncated><Version><Key>sources_test/1/1/main.json</Key><VersionId>sN5YEqz92tv9LkngSFNj4qnloalE_f9c</VersionId><IsLatest>true</IsLatest><LastModified>2018-04-12T22:19:20.000Z</LastModified><ETag>&quot;6841009723676d90a529939140665713&quot;</ETag><Size>256</Size><Owner><ID>cf6bd5437eaccbf2d79d5d40694e94c727ef59eb29caa52acbc32daffeb8e9e4</ID><DisplayName>site</DisplayName></Owner><StorageClass>STANDARD</StorageClass></Version></ListVersionsResult>
    http_version: 
  recorded_at: Thu, 12 Apr 2018 22:19:21 GMT
- request:
    method: post
    uri: https://cdo-v3-sources.s3.amazonaws.com/?delete
    body:
      encoding: UTF-8
      string: |
        <Delete xmlns="http://s3.amazonaws.com/doc/2006-03-01/">
          <Object>
            <Key>sources_test/1/1/main.json</Key>
            <VersionId>sN5YEqz92tv9LkngSFNj4qnloalE_f9c</VersionId>
          </Object>
          <Quiet>true</Quiet>
        </Delete>
    headers:
      Expect:
      - 100-continue
      Content-Md5:
      - WzDQC41hH5wyje2XGjJ7yA==
      Content-Length:
      - '214'
  response:
    status:
      code: 200
      message: OK
    headers:
      Date:
      - Thu, 12 Apr 2018 22:19:23 GMT
      Connection:
      - close
      Content-Type:
      - application/xml
      Transfer-Encoding:
      - chunked
      Server:
      - AmazonS3
    body:
      encoding: UTF-8
      string: |-
        <?xml version="1.0" encoding="UTF-8"?>
        <DeleteResult xmlns="http://s3.amazonaws.com/doc/2006-03-01/"></DeleteResult>
    http_version: 
  recorded_at: Thu, 12 Apr 2018 22:19:21 GMT
- request:
    method: get
    uri: https://cdo-v3-sources.s3.amazonaws.com/?encoding-type=url&prefix=sources_test/1/2/main.json&versions
    body:
      encoding: UTF-8
      string: ''
    headers:
      Content-Length:
      - '0'
  response:
    status:
      code: 200
      message: OK
    headers:
      Date:
      - Thu, 12 Apr 2018 22:19:23 GMT
      Content-Type:
      - application/xml
      Transfer-Encoding:
      - chunked
      Server:
      - AmazonS3
    body:
      encoding: UTF-8
      string: |-
        <?xml version="1.0" encoding="UTF-8"?>
        <ListVersionsResult xmlns="http://s3.amazonaws.com/doc/2006-03-01/"><Name>cdo-v3-sources</Name><Prefix>sources_test/1/2/main.json</Prefix><KeyMarker></KeyMarker><VersionIdMarker></VersionIdMarker><MaxKeys>1000</MaxKeys><EncodingType>url</EncodingType><IsTruncated>false</IsTruncated><Version><Key>sources_test/1/2/main.json</Key><VersionId>4YOCrk7yTBWIx6ci0402Oc7o2L7EFHlM</VersionId><IsLatest>true</IsLatest><LastModified>2018-04-12T22:19:22.000Z</LastModified><ETag>&quot;6841009723676d90a529939140665713&quot;</ETag><Size>256</Size><Owner><ID>cf6bd5437eaccbf2d79d5d40694e94c727ef59eb29caa52acbc32daffeb8e9e4</ID><DisplayName>site</DisplayName></Owner><StorageClass>STANDARD</StorageClass></Version></ListVersionsResult>
    http_version: 
  recorded_at: Thu, 12 Apr 2018 22:19:22 GMT
- request:
    method: post
    uri: https://cdo-v3-sources.s3.amazonaws.com/?delete
    body:
      encoding: UTF-8
      string: |
        <Delete xmlns="http://s3.amazonaws.com/doc/2006-03-01/">
          <Object>
            <Key>sources_test/1/2/main.json</Key>
            <VersionId>4YOCrk7yTBWIx6ci0402Oc7o2L7EFHlM</VersionId>
          </Object>
          <Quiet>true</Quiet>
        </Delete>
    headers:
      Expect:
      - 100-continue
      Content-Md5:
      - fC6GcNlX2TmpdEriQ0zpTg==
      Content-Length:
      - '214'
  response:
    status:
      code: 200
      message: OK
    headers:
      Date:
      - Thu, 12 Apr 2018 22:19:24 GMT
      Connection:
      - close
      Content-Type:
      - application/xml
      Transfer-Encoding:
      - chunked
      Server:
      - AmazonS3
    body:
      encoding: UTF-8
      string: |-
        <?xml version="1.0" encoding="UTF-8"?>
        <DeleteResult xmlns="http://s3.amazonaws.com/doc/2006-03-01/"></DeleteResult>
    http_version: 
  recorded_at: Thu, 12 Apr 2018 22:19:22 GMT
- request:
    method: get
    uri: https://cdo-v3-sources.s3.amazonaws.com/?encoding-type=url&prefix=sources_test/1/1/
    body:
      encoding: UTF-8
      string: ''
    headers:
      Content-Length:
      - '0'
  response:
    status:
      code: 200
      message: OK
    headers:
      Date:
      - Thu, 12 Apr 2018 22:19:24 GMT
      X-Amz-Bucket-Region:
      - us-east-1
      Content-Type:
      - application/xml
      Transfer-Encoding:
      - chunked
      Server:
      - AmazonS3
    body:
      encoding: UTF-8
      string: |-
        <?xml version="1.0" encoding="UTF-8"?>
        <ListBucketResult xmlns="http://s3.amazonaws.com/doc/2006-03-01/"><Name>cdo-v3-sources</Name><Prefix>sources_test/1/1/</Prefix><Marker></Marker><MaxKeys>1000</MaxKeys><EncodingType>url</EncodingType><IsTruncated>false</IsTruncated></ListBucketResult>
    http_version: 
  recorded_at: Thu, 12 Apr 2018 22:19:23 GMT
- request:
    method: get
    uri: https://cdo-v3-animations.s3.amazonaws.com/?encoding-type=url&prefix=animations_test/1/1/
    body:
      encoding: UTF-8
      string: ''
    headers:
      Content-Length:
      - '0'
  response:
    status:
      code: 200
      message: OK
    headers:
      Date:
      - Thu, 12 Apr 2018 22:19:25 GMT
      X-Amz-Bucket-Region:
      - us-east-1
      Content-Type:
      - application/xml
      Transfer-Encoding:
      - chunked
      Server:
      - AmazonS3
    body:
      encoding: UTF-8
      string: |-
        <?xml version="1.0" encoding="UTF-8"?>
        <ListBucketResult xmlns="http://s3.amazonaws.com/doc/2006-03-01/"><Name>cdo-v3-animations</Name><Prefix>animations_test/1/1/</Prefix><Marker></Marker><MaxKeys>1000</MaxKeys><EncodingType>url</EncodingType><IsTruncated>false</IsTruncated></ListBucketResult>
    http_version: 
  recorded_at: Thu, 12 Apr 2018 22:19:23 GMT
recorded_with: VCR 3.0.3
