---
http_interactions:
- request:
    method: get
    uri: https://cdo-v3-sources.s3.amazonaws.com/?encoding-type=url&prefix=sources_test/1/1/main.json&versions
    body:
      encoding: UTF-8
      string: ''
    headers:
      Content-Length:
      - '0'
  response:
    status:
      code: 200
      message: OK
    headers:
      Date:
      - Mon, 02 Apr 2018 20:24:45 GMT
      Content-Type:
      - application/xml
      Transfer-Encoding:
      - chunked
      Server:
      - AmazonS3
    body:
      encoding: UTF-8
      string: |-
        <?xml version="1.0" encoding="UTF-8"?>
        <ListVersionsResult xmlns="http://s3.amazonaws.com/doc/2006-03-01/"><Name>cdo-v3-sources</Name><Prefix>sources_test/1/1/main.json</Prefix><KeyMarker></KeyMarker><VersionIdMarker></VersionIdMarker><MaxKeys>1000</MaxKeys><EncodingType>url</EncodingType><IsTruncated>false</IsTruncated><Version><Key>sources_test/1/1/main.json</Key><VersionId>GNF1kD_WnBpBKl_0P.ZWsJ79M1ogEZ0B</VersionId><IsLatest>true</IsLatest><LastModified>2018-04-02T20:23:25.000Z</LastModified><ETag>&quot;e377af9e98e9f169b7d4e77beecf66fc&quot;</ETag><Size>216</Size><Owner><ID>cf6bd5437eaccbf2d79d5d40694e94c727ef59eb29caa52acbc32daffeb8e9e4</ID><DisplayName>site</DisplayName></Owner><StorageClass>STANDARD</StorageClass></Version><Version><Key>sources_test/1/1/main.json</Key><VersionId>mbvkzHpLuUSbBWmQSUWg66l6DeJtbSp.</VersionId><IsLatest>false</IsLatest><LastModified>2018-04-02T20:23:23.000Z</LastModified><ETag>&quot;17a0e629d86914b5279113a2e6d1700f&quot;</ETag><Size>186</Size><Owner><ID>cf6bd5437eaccbf2d79d5d40694e94c727ef59eb29caa52acbc32daffeb8e9e4</ID><DisplayName>site</DisplayName></Owner><StorageClass>STANDARD</StorageClass></Version><Version><Key>sources_test/1/1/main.json</Key><VersionId>DqxnF8FEsVZbEEkJ2e6aAD8ekNhLi95O</VersionId><IsLatest>false</IsLatest><LastModified>2018-04-02T20:23:22.000Z</LastModified><ETag>&quot;302b110155440caa5a7de8172f931dc5&quot;</ETag><Size>186</Size><Owner><ID>cf6bd5437eaccbf2d79d5d40694e94c727ef59eb29caa52acbc32daffeb8e9e4</ID><DisplayName>site</DisplayName></Owner><StorageClass>STANDARD</StorageClass></Version><Version><Key>sources_test/1/1/main.json</Key><VersionId>4Ez6R0XS06IpsTpFfAnMJqrRsU3epcYg</VersionId><IsLatest>false</IsLatest><LastModified>2018-04-02T20:22:21.000Z</LastModified><ETag>&quot;17a0e629d86914b5279113a2e6d1700f&quot;</ETag><Size>186</Size><Owner><ID>cf6bd5437eaccbf2d79d5d40694e94c727ef59eb29caa52acbc32daffeb8e9e4</ID><DisplayName>site</DisplayName></Owner><StorageClass>STANDARD</StorageClass></Version><Version><Key>sources_test/1/1/main.json</Key><VersionId>O2VEnb.hba92bP6dNKnrSGZMqiWudBjc</VersionId><IsLatest>false</IsLatest><LastModified>2018-04-02T20:22:19.000Z</LastModified><ETag>&quot;302b110155440caa5a7de8172f931dc5&quot;</ETag><Size>186</Size><Owner><ID>cf6bd5437eaccbf2d79d5d40694e94c727ef59eb29caa52acbc32daffeb8e9e4</ID><DisplayName>site</DisplayName></Owner><StorageClass>STANDARD</StorageClass></Version></ListVersionsResult>
    http_version: 
  recorded_at: Mon, 02 Apr 2018 20:24:44 GMT
- request:
    method: post
    uri: https://cdo-v3-sources.s3.amazonaws.com/?delete
    body:
      encoding: UTF-8
      string: |
        <Delete xmlns="http://s3.amazonaws.com/doc/2006-03-01/">
          <Object>
            <Key>sources_test/1/1/main.json</Key>
            <VersionId>GNF1kD_WnBpBKl_0P.ZWsJ79M1ogEZ0B</VersionId>
          </Object>
          <Object>
            <Key>sources_test/1/1/main.json</Key>
            <VersionId>mbvkzHpLuUSbBWmQSUWg66l6DeJtbSp.</VersionId>
          </Object>
          <Object>
            <Key>sources_test/1/1/main.json</Key>
            <VersionId>DqxnF8FEsVZbEEkJ2e6aAD8ekNhLi95O</VersionId>
          </Object>
          <Object>
            <Key>sources_test/1/1/main.json</Key>
            <VersionId>4Ez6R0XS06IpsTpFfAnMJqrRsU3epcYg</VersionId>
          </Object>
          <Object>
            <Key>sources_test/1/1/main.json</Key>
            <VersionId>O2VEnb.hba92bP6dNKnrSGZMqiWudBjc</VersionId>
          </Object>
          <Quiet>true</Quiet>
        </Delete>
    headers:
      Expect:
      - 100-continue
      Content-Md5:
      - "+6TxhMUgfiGCNAFE3vCoFQ=="
      Content-Length:
      - '714'
  response:
    status:
      code: 200
      message: OK
    headers:
      Date:
      - Mon, 02 Apr 2018 20:24:45 GMT
      Connection:
      - close
      Content-Type:
      - application/xml
      Transfer-Encoding:
      - chunked
      Server:
      - AmazonS3
    body:
      encoding: UTF-8
      string: |-
        <?xml version="1.0" encoding="UTF-8"?>
        <DeleteResult xmlns="http://s3.amazonaws.com/doc/2006-03-01/"></DeleteResult>
    http_version: 
  recorded_at: Mon, 02 Apr 2018 20:24:44 GMT
- request:
    method: get
    uri: https://cdo-v3-animations.s3.amazonaws.com/?encoding-type=url&prefix=animations_test/1/1/animation-keyac0a7f8c2faac49775a6.png&versions
    body:
      encoding: UTF-8
      string: ''
    headers:
      Content-Length:
      - '0'
  response:
    status:
      code: 200
      message: OK
    headers:
      Date:
      - Mon, 02 Apr 2018 20:24:46 GMT
      Content-Type:
      - application/xml
      Transfer-Encoding:
      - chunked
      Server:
      - AmazonS3
    body:
      encoding: UTF-8
      string: |-
        <?xml version="1.0" encoding="UTF-8"?>
        <ListVersionsResult xmlns="http://s3.amazonaws.com/doc/2006-03-01/"><Name>cdo-v3-animations</Name><Prefix>animations_test/1/1/animation-keyac0a7f8c2faac49775a6.png</Prefix><KeyMarker></KeyMarker><VersionIdMarker></VersionIdMarker><MaxKeys>1000</MaxKeys><EncodingType>url</EncodingType><IsTruncated>false</IsTruncated><Version><Key>animations_test/1/1/animation-keyac0a7f8c2faac49775a6.png</Key><VersionId>0StE_cJT8iQF_dTeBP_nm_hp_mB5eOlt</VersionId><IsLatest>true</IsLatest><LastModified>2018-04-02T20:23:25.000Z</LastModified><ETag>&quot;70a867efdd4638165fc2fccda68683fd&quot;</ETag><Size>11</Size><Owner><ID>cf6bd5437eaccbf2d79d5d40694e94c727ef59eb29caa52acbc32daffeb8e9e4</ID><DisplayName>site</DisplayName></Owner><StorageClass>STANDARD</StorageClass></Version><Version><Key>animations_test/1/1/animation-keyac0a7f8c2faac49775a6.png</Key><VersionId>.jFj8QpfIdEeO6IH0vTqM0Vh4MjAZWN_</VersionId><IsLatest>false</IsLatest><LastModified>2018-04-02T20:23:22.000Z</LastModified><ETag>&quot;70a867efdd4638165fc2fccda68683fd&quot;</ETag><Size>11</Size><Owner><ID>cf6bd5437eaccbf2d79d5d40694e94c727ef59eb29caa52acbc32daffeb8e9e4</ID><DisplayName>site</DisplayName></Owner><StorageClass>STANDARD</StorageClass></Version><Version><Key>animations_test/1/1/animation-keyac0a7f8c2faac49775a6.png</Key><VersionId>r75fQzxW6YHdqGSytpicYqRkCiys4BUf</VersionId><IsLatest>false</IsLatest><LastModified>2018-04-02T20:23:21.000Z</LastModified><ETag>&quot;cc4c8d6060c8d593794056da89cd5b60&quot;</ETag><Size>11</Size><Owner><ID>cf6bd5437eaccbf2d79d5d40694e94c727ef59eb29caa52acbc32daffeb8e9e4</ID><DisplayName>site</DisplayName></Owner><StorageClass>STANDARD</StorageClass></Version></ListVersionsResult>
    http_version: 
  recorded_at: Mon, 02 Apr 2018 20:24:45 GMT
- request:
    method: post
    uri: https://cdo-v3-animations.s3.amazonaws.com/?delete
    body:
      encoding: UTF-8
      string: |
        <Delete xmlns="http://s3.amazonaws.com/doc/2006-03-01/">
          <Object>
            <Key>animations_test/1/1/animation-keyac0a7f8c2faac49775a6.png</Key>
            <VersionId>0StE_cJT8iQF_dTeBP_nm_hp_mB5eOlt</VersionId>
          </Object>
          <Object>
            <Key>animations_test/1/1/animation-keyac0a7f8c2faac49775a6.png</Key>
            <VersionId>.jFj8QpfIdEeO6IH0vTqM0Vh4MjAZWN_</VersionId>
          </Object>
          <Object>
            <Key>animations_test/1/1/animation-keyac0a7f8c2faac49775a6.png</Key>
            <VersionId>r75fQzxW6YHdqGSytpicYqRkCiys4BUf</VersionId>
          </Object>
          <Quiet>true</Quiet>
        </Delete>
    headers:
      Expect:
      - 100-continue
      Content-Md5:
      - OtMmmCxyokk5w8i6Ln0J4g==
      Content-Length:
      - '557'
  response:
    status:
      code: 200
      message: OK
    headers:
      Date:
      - Mon, 02 Apr 2018 20:24:46 GMT
      Connection:
      - close
      Content-Type:
      - application/xml
      Transfer-Encoding:
      - chunked
      Server:
      - AmazonS3
    body:
      encoding: UTF-8
      string: |-
        <?xml version="1.0" encoding="UTF-8"?>
        <DeleteResult xmlns="http://s3.amazonaws.com/doc/2006-03-01/"></DeleteResult>
    http_version: 
  recorded_at: Mon, 02 Apr 2018 20:24:45 GMT
- request:
    method: get
    uri: https://cdo-v3-animations.s3.amazonaws.com/?encoding-type=url&prefix=animations_test/1/1/
    body:
      encoding: UTF-8
      string: ''
    headers:
      Content-Length:
      - '0'
  response:
    status:
      code: 200
      message: OK
    headers:
      Date:
      - Mon, 02 Apr 2018 20:24:46 GMT
      X-Amz-Bucket-Region:
      - us-east-1
      Content-Type:
      - application/xml
      Transfer-Encoding:
      - chunked
      Server:
      - AmazonS3
    body:
      encoding: UTF-8
      string: |-
        <?xml version="1.0" encoding="UTF-8"?>
        <ListBucketResult xmlns="http://s3.amazonaws.com/doc/2006-03-01/"><Name>cdo-v3-animations</Name><Prefix>animations_test/1/1/</Prefix><Marker></Marker><MaxKeys>1000</MaxKeys><EncodingType>url</EncodingType><IsTruncated>false</IsTruncated></ListBucketResult>
    http_version: 
  recorded_at: Mon, 02 Apr 2018 20:24:46 GMT
- request:
    method: put
    uri: https://cdo-v3-animations.s3.amazonaws.com/animations_test/1/1/animation-keyac0a7f8c2faac49775a6.png
    body:
      encoding: ASCII-8BIT
      string: stub-png-v1
    headers:
      X-Amz-Meta-Abuse-Score:
      - '0'
      Expect:
      - 100-continue
      Content-Md5:
      - zEyNYGDI1ZN5QFbaic1bYA==
      Content-Length:
      - '11'
  response:
    status:
      code: 200
      message: OK
    headers:
      Date:
      - Mon, 02 Apr 2018 20:24:47 GMT
      X-Amz-Version-Id:
      - ".Tz0FIq2qtXtfQ0Rrl_zKEfKiBcc7OdT"
      Etag:
      - '"cc4c8d6060c8d593794056da89cd5b60"'
      Content-Length:
      - '0'
      Server:
      - AmazonS3
    body:
      encoding: UTF-8
      string: ''
    http_version: 
  recorded_at: Mon, 02 Apr 2018 20:24:46 GMT
- request:
    method: get
    uri: https://cdo-v3-sources.s3.amazonaws.com/?encoding-type=url&prefix=sources_test/1/1/
    body:
      encoding: UTF-8
      string: ''
    headers:
      Content-Length:
      - '0'
  response:
    status:
      code: 200
      message: OK
    headers:
      Date:
      - Mon, 02 Apr 2018 20:24:47 GMT
      X-Amz-Bucket-Region:
      - us-east-1
      Content-Type:
      - application/xml
      Transfer-Encoding:
      - chunked
      Server:
      - AmazonS3
    body:
      encoding: UTF-8
      string: |-
        <?xml version="1.0" encoding="UTF-8"?>
        <ListBucketResult xmlns="http://s3.amazonaws.com/doc/2006-03-01/"><Name>cdo-v3-sources</Name><Prefix>sources_test/1/1/</Prefix><Marker></Marker><MaxKeys>1000</MaxKeys><EncodingType>url</EncodingType><IsTruncated>false</IsTruncated></ListBucketResult>
    http_version: 
  recorded_at: Mon, 02 Apr 2018 20:24:46 GMT
- request:
    method: put
    uri: https://cdo-v3-sources.s3.amazonaws.com/sources_test/1/1/main.json
    body:
      encoding: ASCII-8BIT
      string: '{"source":"//version 1","animations":{"orderedKeys":["animation-keyac0a7f8c2faac49775a6"],"propsByKey":{"animation-keyac0a7f8c2faac49775a6":{"name":"Test
        animation v1","version":null}}}}'
    headers:
      X-Amz-Meta-Abuse-Score:
      - '0'
      Expect:
      - 100-continue
      Content-Md5:
      - MCsRAVVEDKpafegXL5MdxQ==
      Content-Length:
      - '186'
  response:
    status:
      code: 200
      message: OK
    headers:
      Date:
      - Mon, 02 Apr 2018 20:24:48 GMT
      X-Amz-Version-Id:
      - 15q6IA3fyZU7BL0fcE3We_0pTMKRT6JL
      Etag:
      - '"302b110155440caa5a7de8172f931dc5"'
      Content-Length:
      - '0'
      Server:
      - AmazonS3
    body:
      encoding: UTF-8
      string: ''
    http_version: 
  recorded_at: Mon, 02 Apr 2018 20:24:47 GMT
- request:
    method: get
    uri: https://cdo-v3-animations.s3.amazonaws.com/?encoding-type=url&prefix=animations_test/1/1/
    body:
      encoding: UTF-8
      string: ''
    headers:
      Content-Length:
      - '0'
  response:
    status:
      code: 200
      message: OK
    headers:
      Date:
      - Mon, 02 Apr 2018 20:24:48 GMT
      X-Amz-Bucket-Region:
      - us-east-1
      Content-Type:
      - application/xml
      Transfer-Encoding:
      - chunked
      Server:
      - AmazonS3
    body:
      encoding: UTF-8
      string: |-
        <?xml version="1.0" encoding="UTF-8"?>
        <ListBucketResult xmlns="http://s3.amazonaws.com/doc/2006-03-01/"><Name>cdo-v3-animations</Name><Prefix>animations_test/1/1/</Prefix><Marker></Marker><MaxKeys>1000</MaxKeys><EncodingType>url</EncodingType><IsTruncated>false</IsTruncated><Contents><Key>animations_test/1/1/animation-keyac0a7f8c2faac49775a6.png</Key><LastModified>2018-04-02T20:24:47.000Z</LastModified><ETag>&quot;cc4c8d6060c8d593794056da89cd5b60&quot;</ETag><Size>11</Size><Owner><ID>cf6bd5437eaccbf2d79d5d40694e94c727ef59eb29caa52acbc32daffeb8e9e4</ID><DisplayName>site</DisplayName></Owner><StorageClass>STANDARD</StorageClass></Contents></ListBucketResult>
    http_version: 
  recorded_at: Mon, 02 Apr 2018 20:24:47 GMT
- request:
    method: put
    uri: https://cdo-v3-animations.s3.amazonaws.com/animations_test/1/1/animation-keyac0a7f8c2faac49775a6.png
    body:
      encoding: ASCII-8BIT
      string: stub-png-v2
    headers:
      X-Amz-Meta-Abuse-Score:
      - '0'
      Expect:
      - 100-continue
      Content-Md5:
      - cKhn791GOBZfwvzNpoaD/Q==
      Content-Length:
      - '11'
  response:
    status:
      code: 200
      message: OK
    headers:
      Date:
      - Mon, 02 Apr 2018 20:24:49 GMT
      X-Amz-Version-Id:
      - 2OrNtLcXrAgjKfEqjC0POMl8gtFGiOPd
      Etag:
      - '"70a867efdd4638165fc2fccda68683fd"'
      Content-Length:
      - '0'
      Server:
      - AmazonS3
    body:
      encoding: UTF-8
      string: ''
    http_version: 
  recorded_at: Mon, 02 Apr 2018 20:24:48 GMT
- request:
    method: get
    uri: https://cdo-v3-sources.s3.amazonaws.com/?encoding-type=url&prefix=sources_test/1/1/
    body:
      encoding: UTF-8
      string: ''
    headers:
      Content-Length:
      - '0'
  response:
    status:
      code: 200
      message: OK
    headers:
      Date:
      - Mon, 02 Apr 2018 20:24:49 GMT
      X-Amz-Bucket-Region:
      - us-east-1
      Content-Type:
      - application/xml
      Transfer-Encoding:
      - chunked
      Server:
      - AmazonS3
    body:
      encoding: UTF-8
      string: |-
        <?xml version="1.0" encoding="UTF-8"?>
        <ListBucketResult xmlns="http://s3.amazonaws.com/doc/2006-03-01/"><Name>cdo-v3-sources</Name><Prefix>sources_test/1/1/</Prefix><Marker></Marker><MaxKeys>1000</MaxKeys><EncodingType>url</EncodingType><IsTruncated>false</IsTruncated><Contents><Key>sources_test/1/1/main.json</Key><LastModified>2018-04-02T20:24:48.000Z</LastModified><ETag>&quot;302b110155440caa5a7de8172f931dc5&quot;</ETag><Size>186</Size><Owner><ID>cf6bd5437eaccbf2d79d5d40694e94c727ef59eb29caa52acbc32daffeb8e9e4</ID><DisplayName>site</DisplayName></Owner><StorageClass>STANDARD</StorageClass></Contents></ListBucketResult>
    http_version: 
  recorded_at: Mon, 02 Apr 2018 20:24:48 GMT
- request:
    method: put
    uri: https://cdo-v3-sources.s3.amazonaws.com/sources_test/1/1/main.json
    body:
      encoding: ASCII-8BIT
      string: '{"source":"//version 2","animations":{"orderedKeys":["animation-keyac0a7f8c2faac49775a6"],"propsByKey":{"animation-keyac0a7f8c2faac49775a6":{"name":"Test
        animation v2","version":null}}}}'
    headers:
      X-Amz-Meta-Abuse-Score:
      - '0'
      Expect:
      - 100-continue
      Content-Md5:
      - F6DmKdhpFLUnkROi5tFwDw==
      Content-Length:
      - '186'
  response:
    status:
      code: 200
      message: OK
    headers:
      Date:
      - Mon, 02 Apr 2018 20:24:49 GMT
      X-Amz-Version-Id:
      - gDKY4qUwkgMpJN2L2RXxKm0VGzQ8FN4_
      Etag:
      - '"17a0e629d86914b5279113a2e6d1700f"'
      Content-Length:
      - '0'
      Server:
      - AmazonS3
    body:
      encoding: UTF-8
      string: ''
    http_version: 
  recorded_at: Mon, 02 Apr 2018 20:24:48 GMT
- request:
    method: get
    uri: https://cdo-v3-sources.s3.amazonaws.com/sources_test/1/1/main.json?versionId=15q6IA3fyZU7BL0fcE3We_0pTMKRT6JL
    body:
      encoding: UTF-8
      string: ''
    headers:
      Content-Length:
      - '0'
  response:
    status:
      code: 200
      message: OK
    headers:
      Date:
      - Mon, 02 Apr 2018 20:24:50 GMT
      Last-Modified:
      - Mon, 02 Apr 2018 20:24:48 GMT
      Etag:
      - '"302b110155440caa5a7de8172f931dc5"'
      X-Amz-Meta-Abuse-Score:
      - '0'
      X-Amz-Version-Id:
      - 15q6IA3fyZU7BL0fcE3We_0pTMKRT6JL
      Accept-Ranges:
      - bytes
      Content-Type:
      - ''
      Content-Length:
      - '186'
      Server:
      - AmazonS3
    body:
      encoding: UTF-8
      string: '{"source":"//version 1","animations":{"orderedKeys":["animation-keyac0a7f8c2faac49775a6"],"propsByKey":{"animation-keyac0a7f8c2faac49775a6":{"name":"Test
        animation v1","version":null}}}}'
    http_version: 
  recorded_at: Mon, 02 Apr 2018 20:24:49 GMT
- request:
    method: get
    uri: https://cdo-v3-animations.s3.amazonaws.com/animations_test/1/1/animation-keyac0a7f8c2faac49775a6.png
    body:
      encoding: UTF-8
      string: ''
    headers:
      Content-Length:
      - '0'
  response:
    status:
      code: 200
      message: OK
    headers:
      Date:
      - Mon, 02 Apr 2018 20:24:50 GMT
      Last-Modified:
      - Mon, 02 Apr 2018 20:24:49 GMT
      Etag:
      - '"70a867efdd4638165fc2fccda68683fd"'
      X-Amz-Meta-Abuse-Score:
      - '0'
      X-Amz-Version-Id:
      - 2OrNtLcXrAgjKfEqjC0POMl8gtFGiOPd
      Accept-Ranges:
      - bytes
      Content-Type:
      - ''
      Content-Length:
      - '11'
      Server:
      - AmazonS3
    body:
      encoding: UTF-8
      string: stub-png-v2
    http_version: 
  recorded_at: Mon, 02 Apr 2018 20:24:49 GMT
- request:
    method: get
    uri: https://cdo-v3-animations.s3.amazonaws.com/animations_test/1/1/animation-keyac0a7f8c2faac49775a6.png
    body:
      encoding: UTF-8
      string: ''
    headers:
      Content-Length:
      - '0'
  response:
    status:
      code: 200
      message: OK
    headers:
      Date:
      - Mon, 02 Apr 2018 20:24:51 GMT
      Last-Modified:
      - Mon, 02 Apr 2018 20:24:49 GMT
      Etag:
      - '"70a867efdd4638165fc2fccda68683fd"'
      X-Amz-Meta-Abuse-Score:
      - '0'
      X-Amz-Version-Id:
      - 2OrNtLcXrAgjKfEqjC0POMl8gtFGiOPd
      Accept-Ranges:
      - bytes
      Content-Type:
      - ''
      Content-Length:
      - '11'
      Server:
      - AmazonS3
    body:
      encoding: UTF-8
      string: stub-png-v2
    http_version: 
  recorded_at: Mon, 02 Apr 2018 20:24:50 GMT
- request:
    method: put
    uri: https://cdo-v3-animations.s3.amazonaws.com/animations_test/1/1/animation-keyac0a7f8c2faac49775a6.png
    body:
      encoding: UTF-8
      string: ''
    headers:
      X-Amz-Copy-Source:
      - cdo-v3-animations/animations_test/1/1/animation-keyac0a7f8c2faac49775a6.png
      X-Amz-Meta-Abuse-Score:
      - '0'
      X-Amz-Meta-Failed-Restore-At:
      - '2018-04-02 13:24:50 -0700'
      X-Amz-Meta-Failed-Restore-From-Version:
      - ''
      X-Amz-Metadata-Directive:
      - REPLACE
      Content-Length:
      - '0'
  response:
    status:
      code: 200
      message: OK
    headers:
      Date:
      - Mon, 02 Apr 2018 20:24:51 GMT
      X-Amz-Copy-Source-Version-Id:
      - 2OrNtLcXrAgjKfEqjC0POMl8gtFGiOPd
      X-Amz-Version-Id:
      - Tric6_RGH22CnZOzYuXZYVn5QPkpitjb
      Content-Type:
      - application/xml
      Content-Length:
      - '234'
      Server:
      - AmazonS3
    body:
      encoding: UTF-8
      string: |-
        <?xml version="1.0" encoding="UTF-8"?>
        <CopyObjectResult xmlns="http://s3.amazonaws.com/doc/2006-03-01/"><LastModified>2018-04-02T20:24:51.000Z</LastModified><ETag>&quot;70a867efdd4638165fc2fccda68683fd&quot;</ETag></CopyObjectResult>
    http_version: 
  recorded_at: Mon, 02 Apr 2018 20:24:50 GMT
- request:
    method: put
    uri: https://cdo-v3-sources.s3.amazonaws.com/sources_test/1/1/main.json
    body:
      encoding: UTF-8
      string: '{"source":"//version 1","animations":{"orderedKeys":["animation-keyac0a7f8c2faac49775a6"],"propsByKey":{"animation-keyac0a7f8c2faac49775a6":{"name":"Test
        animation v1","version":"Tric6_RGH22CnZOzYuXZYVn5QPkpitjb"}}}}'
    headers:
      Expect:
      - 100-continue
      Content-Md5:
      - Wz2PsHDnHqazY4T87WTJOg==
      Content-Length:
      - '216'
  response:
    status:
      code: 200
      message: OK
    headers:
      Date:
      - Mon, 02 Apr 2018 20:24:51 GMT
      X-Amz-Version-Id:
      - THtAZ9f4n0PWWvwpJDG0_8x11XekPlwo
      Etag:
      - '"5b3d8fb070e71ea6b36384fced64c93a"'
      Content-Length:
      - '0'
      Server:
      - AmazonS3
    body:
      encoding: UTF-8
      string: ''
    http_version: 
  recorded_at: Mon, 02 Apr 2018 20:24:50 GMT
- request:
    method: get
    uri: https://cdo-v3-animations.s3.amazonaws.com/?encoding-type=url&prefix=animations_test/1/1/animation-keyac0a7f8c2faac49775a6.png&versions
    body:
      encoding: UTF-8
      string: ''
    headers:
      Content-Length:
      - '0'
  response:
    status:
      code: 200
      message: OK
    headers:
      Date:
      - Mon, 02 Apr 2018 20:24:52 GMT
      Content-Type:
      - application/xml
      Transfer-Encoding:
      - chunked
      Server:
      - AmazonS3
    body:
      encoding: UTF-8
      string: |-
        <?xml version="1.0" encoding="UTF-8"?>
        <ListVersionsResult xmlns="http://s3.amazonaws.com/doc/2006-03-01/"><Name>cdo-v3-animations</Name><Prefix>animations_test/1/1/animation-keyac0a7f8c2faac49775a6.png</Prefix><KeyMarker></KeyMarker><VersionIdMarker></VersionIdMarker><MaxKeys>1000</MaxKeys><EncodingType>url</EncodingType><IsTruncated>false</IsTruncated><Version><Key>animations_test/1/1/animation-keyac0a7f8c2faac49775a6.png</Key><VersionId>Tric6_RGH22CnZOzYuXZYVn5QPkpitjb</VersionId><IsLatest>true</IsLatest><LastModified>2018-04-02T20:24:51.000Z</LastModified><ETag>&quot;70a867efdd4638165fc2fccda68683fd&quot;</ETag><Size>11</Size><Owner><ID>cf6bd5437eaccbf2d79d5d40694e94c727ef59eb29caa52acbc32daffeb8e9e4</ID><DisplayName>site</DisplayName></Owner><StorageClass>STANDARD</StorageClass></Version><Version><Key>animations_test/1/1/animation-keyac0a7f8c2faac49775a6.png</Key><VersionId>2OrNtLcXrAgjKfEqjC0POMl8gtFGiOPd</VersionId><IsLatest>false</IsLatest><LastModified>2018-04-02T20:24:49.000Z</LastModified><ETag>&quot;70a867efdd4638165fc2fccda68683fd&quot;</ETag><Size>11</Size><Owner><ID>cf6bd5437eaccbf2d79d5d40694e94c727ef59eb29caa52acbc32daffeb8e9e4</ID><DisplayName>site</DisplayName></Owner><StorageClass>STANDARD</StorageClass></Version><Version><Key>animations_test/1/1/animation-keyac0a7f8c2faac49775a6.png</Key><VersionId>.Tz0FIq2qtXtfQ0Rrl_zKEfKiBcc7OdT</VersionId><IsLatest>false</IsLatest><LastModified>2018-04-02T20:24:47.000Z</LastModified><ETag>&quot;cc4c8d6060c8d593794056da89cd5b60&quot;</ETag><Size>11</Size><Owner><ID>cf6bd5437eaccbf2d79d5d40694e94c727ef59eb29caa52acbc32daffeb8e9e4</ID><DisplayName>site</DisplayName></Owner><StorageClass>STANDARD</StorageClass></Version></ListVersionsResult>
    http_version: 
  recorded_at: Mon, 02 Apr 2018 20:24:51 GMT
- request:
    method: get
    uri: https://cdo-v3-animations.s3.amazonaws.com/animations_test/1/1/animation-keyac0a7f8c2faac49775a6.png
    body:
      encoding: UTF-8
      string: ''
    headers:
      Content-Length:
      - '0'
  response:
    status:
      code: 200
      message: OK
    headers:
      Date:
      - Mon, 02 Apr 2018 20:24:52 GMT
      Last-Modified:
      - Mon, 02 Apr 2018 20:24:51 GMT
      Etag:
      - '"70a867efdd4638165fc2fccda68683fd"'
      X-Amz-Meta-Abuse-Score:
      - '0'
      X-Amz-Meta-Failed-Restore-At:
      - '2018-04-02 13:24:50 -0700'
      X-Amz-Meta-Failed-Restore-From-Version:
      - ''
      X-Amz-Version-Id:
      - Tric6_RGH22CnZOzYuXZYVn5QPkpitjb
      Accept-Ranges:
      - bytes
      Content-Type:
      - ''
      Content-Length:
      - '11'
      Server:
      - AmazonS3
    body:
      encoding: UTF-8
      string: stub-png-v2
    http_version: 
  recorded_at: Mon, 02 Apr 2018 20:24:51 GMT
- request:
    method: get
    uri: https://cdo-v3-sources.s3.amazonaws.com/?encoding-type=url&prefix=sources_test/1/1/main.json&versions
    body:
      encoding: UTF-8
      string: ''
    headers:
      Content-Length:
      - '0'
  response:
    status:
      code: 200
      message: OK
    headers:
      Date:
      - Mon, 02 Apr 2018 20:24:53 GMT
      Content-Type:
      - application/xml
      Transfer-Encoding:
      - chunked
      Server:
      - AmazonS3
    body:
      encoding: UTF-8
      string: |-
        <?xml version="1.0" encoding="UTF-8"?>
        <ListVersionsResult xmlns="http://s3.amazonaws.com/doc/2006-03-01/"><Name>cdo-v3-sources</Name><Prefix>sources_test/1/1/main.json</Prefix><KeyMarker></KeyMarker><VersionIdMarker></VersionIdMarker><MaxKeys>1000</MaxKeys><EncodingType>url</EncodingType><IsTruncated>false</IsTruncated><Version><Key>sources_test/1/1/main.json</Key><VersionId>THtAZ9f4n0PWWvwpJDG0_8x11XekPlwo</VersionId><IsLatest>true</IsLatest><LastModified>2018-04-02T20:24:51.000Z</LastModified><ETag>&quot;5b3d8fb070e71ea6b36384fced64c93a&quot;</ETag><Size>216</Size><Owner><ID>cf6bd5437eaccbf2d79d5d40694e94c727ef59eb29caa52acbc32daffeb8e9e4</ID><DisplayName>site</DisplayName></Owner><StorageClass>STANDARD</StorageClass></Version><Version><Key>sources_test/1/1/main.json</Key><VersionId>gDKY4qUwkgMpJN2L2RXxKm0VGzQ8FN4_</VersionId><IsLatest>false</IsLatest><LastModified>2018-04-02T20:24:49.000Z</LastModified><ETag>&quot;17a0e629d86914b5279113a2e6d1700f&quot;</ETag><Size>186</Size><Owner><ID>cf6bd5437eaccbf2d79d5d40694e94c727ef59eb29caa52acbc32daffeb8e9e4</ID><DisplayName>site</DisplayName></Owner><StorageClass>STANDARD</StorageClass></Version><Version><Key>sources_test/1/1/main.json</Key><VersionId>15q6IA3fyZU7BL0fcE3We_0pTMKRT6JL</VersionId><IsLatest>false</IsLatest><LastModified>2018-04-02T20:24:48.000Z</LastModified><ETag>&quot;302b110155440caa5a7de8172f931dc5&quot;</ETag><Size>186</Size><Owner><ID>cf6bd5437eaccbf2d79d5d40694e94c727ef59eb29caa52acbc32daffeb8e9e4</ID><DisplayName>site</DisplayName></Owner><StorageClass>STANDARD</StorageClass></Version></ListVersionsResult>
    http_version: 
  recorded_at: Mon, 02 Apr 2018 20:24:52 GMT
- request:
    method: get
    uri: https://cdo-v3-sources.s3.amazonaws.com/sources_test/1/1/main.json
    body:
      encoding: UTF-8
      string: ''
    headers:
      Content-Length:
      - '0'
  response:
    status:
      code: 200
      message: OK
    headers:
      Date:
      - Mon, 02 Apr 2018 20:24:53 GMT
      Last-Modified:
      - Mon, 02 Apr 2018 20:24:51 GMT
      Etag:
      - '"5b3d8fb070e71ea6b36384fced64c93a"'
      X-Amz-Version-Id:
      - THtAZ9f4n0PWWvwpJDG0_8x11XekPlwo
      Accept-Ranges:
      - bytes
      Content-Type:
      - ''
      Content-Length:
      - '216'
      Server:
      - AmazonS3
    body:
      encoding: UTF-8
      string: '{"source":"//version 1","animations":{"orderedKeys":["animation-keyac0a7f8c2faac49775a6"],"propsByKey":{"animation-keyac0a7f8c2faac49775a6":{"name":"Test
        animation v1","version":"Tric6_RGH22CnZOzYuXZYVn5QPkpitjb"}}}}'
    http_version: 
  recorded_at: Mon, 02 Apr 2018 20:24:52 GMT
- request:
    method: get
    uri: https://cdo-v3-animations.s3.amazonaws.com/?encoding-type=url&prefix=animations_test/1/1/animation-keyac0a7f8c2faac49775a6.png&versions
    body:
      encoding: UTF-8
      string: ''
    headers:
      Content-Length:
      - '0'
  response:
    status:
      code: 200
      message: OK
    headers:
      Date:
      - Mon, 02 Apr 2018 20:24:53 GMT
      Content-Type:
      - application/xml
      Transfer-Encoding:
      - chunked
      Server:
      - AmazonS3
    body:
      encoding: UTF-8
      string: |-
        <?xml version="1.0" encoding="UTF-8"?>
        <ListVersionsResult xmlns="http://s3.amazonaws.com/doc/2006-03-01/"><Name>cdo-v3-animations</Name><Prefix>animations_test/1/1/animation-keyac0a7f8c2faac49775a6.png</Prefix><KeyMarker></KeyMarker><VersionIdMarker></VersionIdMarker><MaxKeys>1000</MaxKeys><EncodingType>url</EncodingType><IsTruncated>false</IsTruncated><Version><Key>animations_test/1/1/animation-keyac0a7f8c2faac49775a6.png</Key><VersionId>Tric6_RGH22CnZOzYuXZYVn5QPkpitjb</VersionId><IsLatest>true</IsLatest><LastModified>2018-04-02T20:24:51.000Z</LastModified><ETag>&quot;70a867efdd4638165fc2fccda68683fd&quot;</ETag><Size>11</Size><Owner><ID>cf6bd5437eaccbf2d79d5d40694e94c727ef59eb29caa52acbc32daffeb8e9e4</ID><DisplayName>site</DisplayName></Owner><StorageClass>STANDARD</StorageClass></Version><Version><Key>animations_test/1/1/animation-keyac0a7f8c2faac49775a6.png</Key><VersionId>2OrNtLcXrAgjKfEqjC0POMl8gtFGiOPd</VersionId><IsLatest>false</IsLatest><LastModified>2018-04-02T20:24:49.000Z</LastModified><ETag>&quot;70a867efdd4638165fc2fccda68683fd&quot;</ETag><Size>11</Size><Owner><ID>cf6bd5437eaccbf2d79d5d40694e94c727ef59eb29caa52acbc32daffeb8e9e4</ID><DisplayName>site</DisplayName></Owner><StorageClass>STANDARD</StorageClass></Version><Version><Key>animations_test/1/1/animation-keyac0a7f8c2faac49775a6.png</Key><VersionId>.Tz0FIq2qtXtfQ0Rrl_zKEfKiBcc7OdT</VersionId><IsLatest>false</IsLatest><LastModified>2018-04-02T20:24:47.000Z</LastModified><ETag>&quot;cc4c8d6060c8d593794056da89cd5b60&quot;</ETag><Size>11</Size><Owner><ID>cf6bd5437eaccbf2d79d5d40694e94c727ef59eb29caa52acbc32daffeb8e9e4</ID><DisplayName>site</DisplayName></Owner><StorageClass>STANDARD</StorageClass></Version></ListVersionsResult>
    http_version: 
  recorded_at: Mon, 02 Apr 2018 20:24:53 GMT
- request:
    method: post
    uri: https://cdo-v3-animations.s3.amazonaws.com/?delete
    body:
      encoding: UTF-8
      string: |
        <Delete xmlns="http://s3.amazonaws.com/doc/2006-03-01/">
          <Object>
            <Key>animations_test/1/1/animation-keyac0a7f8c2faac49775a6.png</Key>
            <VersionId>Tric6_RGH22CnZOzYuXZYVn5QPkpitjb</VersionId>
          </Object>
          <Object>
            <Key>animations_test/1/1/animation-keyac0a7f8c2faac49775a6.png</Key>
            <VersionId>2OrNtLcXrAgjKfEqjC0POMl8gtFGiOPd</VersionId>
          </Object>
          <Object>
            <Key>animations_test/1/1/animation-keyac0a7f8c2faac49775a6.png</Key>
            <VersionId>.Tz0FIq2qtXtfQ0Rrl_zKEfKiBcc7OdT</VersionId>
          </Object>
          <Quiet>true</Quiet>
        </Delete>
    headers:
      Expect:
      - 100-continue
      Content-Md5:
      - aY6KJRdo8jm23dzYZ5UMJw==
      Content-Length:
      - '557'
  response:
    status:
      code: 200
      message: OK
    headers:
      Date:
      - Mon, 02 Apr 2018 20:24:54 GMT
      Connection:
      - close
      Content-Type:
      - application/xml
      Transfer-Encoding:
      - chunked
      Server:
      - AmazonS3
    body:
      encoding: UTF-8
      string: |-
        <?xml version="1.0" encoding="UTF-8"?>
        <DeleteResult xmlns="http://s3.amazonaws.com/doc/2006-03-01/"></DeleteResult>
    http_version: 
  recorded_at: Mon, 02 Apr 2018 20:24:53 GMT
- request:
    method: get
    uri: https://cdo-v3-sources.s3.amazonaws.com/?encoding-type=url&prefix=sources_test/1/1/main.json&versions
    body:
      encoding: UTF-8
      string: ''
    headers:
      Content-Length:
      - '0'
  response:
    status:
      code: 200
      message: OK
    headers:
      Date:
      - Mon, 02 Apr 2018 20:24:54 GMT
      Content-Type:
      - application/xml
      Transfer-Encoding:
      - chunked
      Server:
      - AmazonS3
    body:
      encoding: UTF-8
      string: |-
        <?xml version="1.0" encoding="UTF-8"?>
        <ListVersionsResult xmlns="http://s3.amazonaws.com/doc/2006-03-01/"><Name>cdo-v3-sources</Name><Prefix>sources_test/1/1/main.json</Prefix><KeyMarker></KeyMarker><VersionIdMarker></VersionIdMarker><MaxKeys>1000</MaxKeys><EncodingType>url</EncodingType><IsTruncated>false</IsTruncated><Version><Key>sources_test/1/1/main.json</Key><VersionId>THtAZ9f4n0PWWvwpJDG0_8x11XekPlwo</VersionId><IsLatest>true</IsLatest><LastModified>2018-04-02T20:24:51.000Z</LastModified><ETag>&quot;5b3d8fb070e71ea6b36384fced64c93a&quot;</ETag><Size>216</Size><Owner><ID>cf6bd5437eaccbf2d79d5d40694e94c727ef59eb29caa52acbc32daffeb8e9e4</ID><DisplayName>site</DisplayName></Owner><StorageClass>STANDARD</StorageClass></Version><Version><Key>sources_test/1/1/main.json</Key><VersionId>gDKY4qUwkgMpJN2L2RXxKm0VGzQ8FN4_</VersionId><IsLatest>false</IsLatest><LastModified>2018-04-02T20:24:49.000Z</LastModified><ETag>&quot;17a0e629d86914b5279113a2e6d1700f&quot;</ETag><Size>186</Size><Owner><ID>cf6bd5437eaccbf2d79d5d40694e94c727ef59eb29caa52acbc32daffeb8e9e4</ID><DisplayName>site</DisplayName></Owner><StorageClass>STANDARD</StorageClass></Version><Version><Key>sources_test/1/1/main.json</Key><VersionId>15q6IA3fyZU7BL0fcE3We_0pTMKRT6JL</VersionId><IsLatest>false</IsLatest><LastModified>2018-04-02T20:24:48.000Z</LastModified><ETag>&quot;302b110155440caa5a7de8172f931dc5&quot;</ETag><Size>186</Size><Owner><ID>cf6bd5437eaccbf2d79d5d40694e94c727ef59eb29caa52acbc32daffeb8e9e4</ID><DisplayName>site</DisplayName></Owner><StorageClass>STANDARD</StorageClass></Version></ListVersionsResult>
    http_version: 
  recorded_at: Mon, 02 Apr 2018 20:24:53 GMT
- request:
    method: post
    uri: https://cdo-v3-sources.s3.amazonaws.com/?delete
    body:
      encoding: UTF-8
      string: |
        <Delete xmlns="http://s3.amazonaws.com/doc/2006-03-01/">
          <Object>
            <Key>sources_test/1/1/main.json</Key>
            <VersionId>THtAZ9f4n0PWWvwpJDG0_8x11XekPlwo</VersionId>
          </Object>
          <Object>
            <Key>sources_test/1/1/main.json</Key>
            <VersionId>gDKY4qUwkgMpJN2L2RXxKm0VGzQ8FN4_</VersionId>
          </Object>
          <Object>
            <Key>sources_test/1/1/main.json</Key>
            <VersionId>15q6IA3fyZU7BL0fcE3We_0pTMKRT6JL</VersionId>
          </Object>
          <Quiet>true</Quiet>
        </Delete>
    headers:
      Expect:
      - 100-continue
      Content-Md5:
      - "+Owl7CS/wHiRjMikRGS/OA=="
      Content-Length:
      - '464'
  response:
    status:
      code: 200
      message: OK
    headers:
      Date:
      - Mon, 02 Apr 2018 20:24:55 GMT
      Connection:
      - close
      Content-Type:
      - application/xml
      Transfer-Encoding:
      - chunked
      Server:
      - AmazonS3
    body:
      encoding: UTF-8
      string: |-
        <?xml version="1.0" encoding="UTF-8"?>
        <DeleteResult xmlns="http://s3.amazonaws.com/doc/2006-03-01/"></DeleteResult>
    http_version: 
  recorded_at: Mon, 02 Apr 2018 20:24:54 GMT
- request:
    method: get
    uri: https://cdo-v3-sources.s3.amazonaws.com/?encoding-type=url&prefix=sources_test/1/1/
    body:
      encoding: UTF-8
      string: ''
    headers:
      Content-Length:
      - '0'
  response:
    status:
      code: 200
      message: OK
    headers:
      Date:
      - Mon, 02 Apr 2018 20:24:55 GMT
      X-Amz-Bucket-Region:
      - us-east-1
      Content-Type:
      - application/xml
      Transfer-Encoding:
      - chunked
      Server:
      - AmazonS3
    body:
      encoding: UTF-8
      string: |-
        <?xml version="1.0" encoding="UTF-8"?>
        <ListBucketResult xmlns="http://s3.amazonaws.com/doc/2006-03-01/"><Name>cdo-v3-sources</Name><Prefix>sources_test/1/1/</Prefix><Marker></Marker><MaxKeys>1000</MaxKeys><EncodingType>url</EncodingType><IsTruncated>false</IsTruncated></ListBucketResult>
    http_version: 
  recorded_at: Mon, 02 Apr 2018 20:24:54 GMT
- request:
    method: get
    uri: https://cdo-v3-animations.s3.amazonaws.com/?encoding-type=url&prefix=animations_test/1/1/
    body:
      encoding: UTF-8
      string: ''
    headers:
      Content-Length:
      - '0'
  response:
    status:
      code: 200
      message: OK
    headers:
      Date:
      - Mon, 02 Apr 2018 20:24:55 GMT
      X-Amz-Bucket-Region:
      - us-east-1
      Content-Type:
      - application/xml
      Transfer-Encoding:
      - chunked
      Server:
      - AmazonS3
    body:
      encoding: UTF-8
      string: |-
        <?xml version="1.0" encoding="UTF-8"?>
        <ListBucketResult xmlns="http://s3.amazonaws.com/doc/2006-03-01/"><Name>cdo-v3-animations</Name><Prefix>animations_test/1/1/</Prefix><Marker></Marker><MaxKeys>1000</MaxKeys><EncodingType>url</EncodingType><IsTruncated>false</IsTruncated></ListBucketResult>
    http_version: 
  recorded_at: Mon, 02 Apr 2018 20:24:54 GMT
recorded_with: VCR 3.0.3
