---
http_interactions:
- request:
    method: get
    uri: https://cdo-v3-files.s3.amazonaws.com/files_test/1/1/manifest.json
    body:
      encoding: ASCII-8BIT
      string: ''
    headers:
      Content-Length:
      - '0'
  response:
    status:
      code: 404
      message: Not Found
    headers:
      Content-Type:
      - application/xml
      Transfer-Encoding:
      - chunked
      Date:
      - Wed, 29 Mar 2017 20:17:52 GMT
      Server:
      - AmazonS3
    body:
      encoding: UTF-8
      string: |-
        <?xml version="1.0" encoding="UTF-8"?>
        <Error><Code>NoSuchKey</Code><Message>The specified key does not exist.</Message><Key>files_test/1/1/manifest.json</Key><RequestId>CA1982E78F4CBA56</RequestId><HostId>JdJIWuOfypGeRVtw2Dw2tORxYVOv+RUIL0ZrGB+irUKjUBmDQKrZRyIWTLWPpSR0rwrGFCs+Ga4=</HostId></Error>
    http_version: 
  recorded_at: Wed, 29 Mar 2017 20:17:52 GMT
- request:
    method: get
    uri: https://cdo-v3-files.s3.amazonaws.com/files_test/1/1/.metadata/thumbnail.png
    body:
      encoding: ASCII-8BIT
      string: ''
    headers:
      Content-Length:
      - '0'
  response:
    status:
      code: 404
      message: Not Found
    headers:
      X-Amz-Delete-Marker:
      - 'true'
      X-Amz-Version-Id:
      - UY11_A0C21GULXFlRQA7ibjbcTiLh_FC
      Content-Type:
      - application/xml
      Transfer-Encoding:
      - chunked
      Date:
      - Wed, 29 Mar 2017 20:17:52 GMT
      Server:
      - AmazonS3
    body:
      encoding: UTF-8
      string: |-
        <?xml version="1.0" encoding="UTF-8"?>
        <Error><Code>NoSuchKey</Code><Message>The specified key does not exist.</Message><Key>files_test/1/1/.metadata/thumbnail.png</Key><RequestId>FE6EF092AFB44A45</RequestId><HostId>vhXwCYhMSwtDXVHxgz7XuPK1Oyr7iFBpFyuUzetaDy/Ju1w6BDx9I+QcMkRgDyfKzcG8Beof3Oo=</HostId></Error>
    http_version: 
  recorded_at: Wed, 29 Mar 2017 20:17:52 GMT
- request:
    method: get
    uri: https://cdo-v3-files.s3.amazonaws.com/?encoding-type=url&prefix=files_test/1/1/
    body:
      encoding: ASCII-8BIT
      string: ''
    headers:
      Content-Length:
      - '0'
  response:
    status:
      code: 200
      message: OK
    headers:
      Date:
      - Wed, 29 Mar 2017 20:17:54 GMT
      X-Amz-Bucket-Region:
      - us-east-1
      Content-Type:
      - application/xml
      Transfer-Encoding:
      - chunked
      Server:
      - AmazonS3
    body:
      encoding: UTF-8
      string: |-
        <?xml version="1.0" encoding="UTF-8"?>
        <ListBucketResult xmlns="http://s3.amazonaws.com/doc/2006-03-01/"><Name>cdo-v3-files</Name><Prefix>files_test/1/1/</Prefix><Marker></Marker><MaxKeys>1000</MaxKeys><EncodingType>url</EncodingType><IsTruncated>false</IsTruncated></ListBucketResult>
    http_version: 
  recorded_at: Wed, 29 Mar 2017 20:17:53 GMT
- request:
    method: put
    uri: https://cdo-v3-files.s3.amazonaws.com/files_test/1/1/.metadata/thumbnail.png
    body:
      encoding: ASCII-8BIT
      string: stub-thumbnail-contents
    headers:
      X-Amz-Meta-Abuse-Score:
      - '0'
      Expect:
      - 100-continue
      Content-Md5:
      - HHCzASXyiid9YZeCMBw7Jw==
      Content-Length:
      - '23'
  response:
    status:
      code: 200
      message: OK
    headers:
      Date:
      - Wed, 29 Mar 2017 20:17:54 GMT
      X-Amz-Version-Id:
      - qo75ZF9WWTTJIbh4rX9m3By8Te0KS7Ws
      Etag:
      - '"1c70b30125f28a277d619782301c3b27"'
      Content-Length:
      - '0'
      Server:
      - AmazonS3
    body:
      encoding: UTF-8
      string: ''
    http_version: 
  recorded_at: Wed, 29 Mar 2017 20:17:54 GMT
- request:
    method: get
    uri: https://cdo-v3-files.s3.amazonaws.com/files_test/1/1/.metadata/thumbnail.png
    body:
      encoding: ASCII-8BIT
      string: ''
    headers:
      Content-Length:
      - '0'
  response:
    status:
      code: 200
      message: OK
    headers:
      Date:
      - Wed, 29 Mar 2017 20:17:55 GMT
      Last-Modified:
      - Wed, 29 Mar 2017 20:17:54 GMT
      Etag:
      - '"1c70b30125f28a277d619782301c3b27"'
      X-Amz-Meta-Abuse-Score:
      - '0'
      X-Amz-Version-Id:
      - qo75ZF9WWTTJIbh4rX9m3By8Te0KS7Ws
      Accept-Ranges:
      - bytes
      Content-Type:
      - ''
      Content-Length:
      - '23'
      Server:
      - AmazonS3
    body:
      encoding: UTF-8
      string: stub-thumbnail-contents
    http_version: 
  recorded_at: Wed, 29 Mar 2017 20:17:54 GMT
- request:
    method: get
    uri: https://cdo-v3-files.s3.amazonaws.com/files_test/1/1/.metadata/thumbnail.png
    body:
      encoding: ASCII-8BIT
      string: ''
    headers:
      Content-Length:
      - '0'
  response:
    status:
      code: 200
      message: OK
    headers:
      Date:
      - Wed, 29 Mar 2017 20:17:56 GMT
      Last-Modified:
      - Wed, 29 Mar 2017 20:17:54 GMT
      Etag:
      - '"1c70b30125f28a277d619782301c3b27"'
      X-Amz-Meta-Abuse-Score:
      - '0'
      X-Amz-Version-Id:
      - qo75ZF9WWTTJIbh4rX9m3By8Te0KS7Ws
      Accept-Ranges:
      - bytes
      Content-Type:
      - ''
      Content-Length:
      - '23'
      Server:
      - AmazonS3
    body:
      encoding: UTF-8
      string: stub-thumbnail-contents
    http_version: 
  recorded_at: Wed, 29 Mar 2017 20:17:55 GMT
- request:
    method: delete
    uri: https://cdo-v3-files.s3.amazonaws.com/files_test/1/1/.metadata/thumbnail.png
    body:
      encoding: ASCII-8BIT
      string: ''
    headers:
      Content-Length:
      - '0'
  response:
    status:
      code: 204
      message: No Content
    headers:
      Date:
      - Wed, 29 Mar 2017 20:17:56 GMT
      X-Amz-Version-Id:
      - _i9XNva1Ueq_BMXAtJdu_KTkjgq_ItDY
      X-Amz-Delete-Marker:
      - 'true'
      Server:
      - AmazonS3
    body:
      encoding: UTF-8
      string: ''
    http_version: 
  recorded_at: Wed, 29 Mar 2017 20:17:56 GMT
- request:
    method: get
    uri: https://cdo-v3-files.s3.amazonaws.com/files_test/1/1/.metadata/thumbnail.png
    body:
      encoding: ASCII-8BIT
      string: ''
    headers:
      Content-Length:
      - '0'
  response:
    status:
      code: 404
      message: Not Found
    headers:
      X-Amz-Delete-Marker:
      - 'true'
      X-Amz-Version-Id:
      - _i9XNva1Ueq_BMXAtJdu_KTkjgq_ItDY
      Content-Type:
      - application/xml
      Transfer-Encoding:
      - chunked
      Date:
      - Wed, 29 Mar 2017 20:17:55 GMT
      Server:
      - AmazonS3
    body:
      encoding: UTF-8
      string: |-
        <?xml version="1.0" encoding="UTF-8"?>
        <Error><Code>NoSuchKey</Code><Message>The specified key does not exist.</Message><Key>files_test/1/1/.metadata/thumbnail.png</Key><RequestId>95A1B62CF6EB0BBD</RequestId><HostId>eUTGrMehF+SOEVGrx40KpEyr2Dhe5RRKdt0QrfwbOF8XkWsYdVA1y6igg/gBG2XGNk2wyWUY/nE=</HostId></Error>
    http_version: 
  recorded_at: Wed, 29 Mar 2017 20:17:56 GMT
- request:
    method: get
    uri: https://cdo-v3-files.s3.amazonaws.com/files_test/1/1/manifest.json
    body:
      encoding: ASCII-8BIT
      string: ''
    headers:
      Content-Length:
      - '0'
  response:
    status:
      code: 404
      message: Not Found
    headers:
      Content-Type:
      - application/xml
      Transfer-Encoding:
      - chunked
      Date:
      - Wed, 29 Mar 2017 20:17:56 GMT
      Server:
      - AmazonS3
    body:
      encoding: UTF-8
      string: |-
        <?xml version="1.0" encoding="UTF-8"?>
        <Error><Code>NoSuchKey</Code><Message>The specified key does not exist.</Message><Key>files_test/1/1/manifest.json</Key><RequestId>1F358A286F6568B8</RequestId><HostId>jPlUcEvs1vsJ7farzlXKBXdoufZfNNJL2SH+q5PykoGJN9GyLDL2TCYiUt5H1EbWCVSoOebJG+0=</HostId></Error>
    http_version: 
  recorded_at: Wed, 29 Mar 2017 20:17:56 GMT
recorded_with: VCR 3.0.3
